// Jest Snapshot v1, https://goo.gl/fbAQLP

exports[`onClick is called when clicking 1`] = `
<div>
  <li>
    one
    <input
      class="completed"
      type="checkbox"
    />
  </li>
</div>
`;
